#separator \x09
#set_separator	,
#empty_field	(empty)
#unset_field	-
#path	dns
#open	2026-02-02-15-17-10
#fields	ts	uid	id.orig_h	id.orig_p	id.resp_h	id.resp_p	proto	trans_id	rtt	query	qclass	qclass_name	qtype	qtype_name	rcode	rcode_name	AA	TC	RD	RA	Z	answers	TTLs	rejected	opcode	opcode_name
#types	time	string	addr	port	addr	port	enum	count	interval	string	count	string	count	string	count	string	bool	bool	bool	bool	count	vector[string]	vector[interval]	bool	count	string
1770020197.033331	CoFV7j4CcKvhGLtSah	fe80::cd1:1a8f:a8c8:9189	5353	ff02::fb	5353	udp	0	-	_companion-link._tcp.local	-	-	-	-	0	NOERROR	T	F	F	F	0	admin’s macbook pro (4)._companion-link._tcp.local,TXT 13 model=Mac17\x2c2 TXT 10 osxvers=25 TXT 8 icolor=9	4500.000000,4500.000000	F	0	query
1770020428.091804	Cixrn4skEfqMoF4ij	fe80::cd1:1a8f:a8c8:9189	5353	ff02::fb	5353	udp	0	-	_companion-link._tcp.local	-	-	-	-	0	NOERROR	T	F	F	F	0	admin’s macbook pro (4)._companion-link._tcp.local,TXT 13 model=Mac17\x2c2 TXT 10 osxvers=25 TXT 8 icolor=9	4500.000000,4500.000000	F	0	query
1770020484.862572	CRe3Yv2li2lcwYxvC3	fe80::cd1:1a8f:a8c8:9189	5353	ff02::fb	5353	udp	0	-	_airplay._tcp.local	-	-	-	-	0	NOERROR	T	F	F	F	0	admin’s macbook pro (4)._airplay._tcp.local,2e2b70f9d56f@admin’s macbook pro (4)._raop._tcp.local,TXT 13 model=Mac17\x2c2 TXT 10 osxvers=25 TXT 8 icolor=9	4500.000000,4500.000000,4500.000000	F	0	query
1770020486.751545	CRe3Yv2li2lcwYxvC3	fe80::cd1:1a8f:a8c8:9189	5353	ff02::fb	5353	udp	0	-	_companion-link._tcp.local	-	-	-	-	0	NOERROR	T	F	F	F	0	admin’s macbook pro (4)._companion-link._tcp.local,TXT 13 model=Mac17\x2c2 TXT 10 osxvers=25 TXT 8 icolor=9	4500.000000,4500.000000	F	0	query
1770020495.295345	CRe3Yv2li2lcwYxvC3	fe80::cd1:1a8f:a8c8:9189	5353	ff02::fb	5353	udp	0	-	_airplay._tcp.local	-	-	-	-	0	NOERROR	T	F	F	F	0	admin’s macbook pro (4)._airplay._tcp.local,2e2b70f9d56f@admin’s macbook pro (4)._raop._tcp.local,TXT 13 model=Mac17\x2c2 TXT 10 osxvers=25 TXT 8 icolor=9	4500.000000,4500.000000,4500.000000	F	0	query
1770020522.049796	C9HSEMCJrICh9NvGc	fe80::cd1:1a8f:a8c8:9189	5353	ff02::fb	5353	udp	0	-	_companion-link._tcp.local	-	-	-	-	0	NOERROR	T	F	F	F	0	admin’s macbook pro (4)._companion-link._tcp.local,TXT 13 model=Mac17\x2c2 TXT 10 osxvers=25 TXT 8 icolor=9	4500.000000,4500.000000	F	0	query
1770020541.093449	Co4q9z1mh8BoQG8Faj	fe80::cd1:1a8f:a8c8:9189	5353	ff02::fb	5353	udp	0	-	_companion-link._tcp.local	-	-	-	-	0	NOERROR	T	F	F	F	0	admin’s macbook pro (4)._companion-link._tcp.local,TXT 13 model=Mac17\x2c2 TXT 10 osxvers=25 TXT 8 icolor=9	4500.000000,4500.000000	F	0	query
1770020573.686838	CAEG4m1OQFVP1BBl18	fe80::cd1:1a8f:a8c8:9189	5353	ff02::fb	5353	udp	0	-	_companion-link._tcp.local	-	-	-	-	0	NOERROR	T	F	F	F	0	admin’s macbook pro (4)._companion-link._tcp.local,TXT 13 model=Mac17\x2c2 TXT 10 osxvers=25 TXT 8 icolor=9	4500.000000,4500.000000	F	0	query
1770020574.981726	CAEG4m1OQFVP1BBl18	fe80::cd1:1a8f:a8c8:9189	5353	ff02::fb	5353	udp	0	-	admin’s macbook pro (4)._companion-link._tcp.local	-	-	-	-	0	NOERROR	T	F	F	F	0	TXT 22 rpBA=D6:F7:3D:41:2C:D5 TXT 17 rpAD=1534cff61240 TXT 12 rpFl=0x20000 TXT 17 rpHN=e9f2c87749f2 TXT 7 rpMac=0 TXT 10 rpVr=670.2	4500.000000	F	0	query
1770020828.305325	CabcXV8qJ3ZkBmIfj	fe80::cd1:1a8f:a8c8:9189	5353	ff02::fb	5353	udp	0	-	_companion-link._tcp.local	-	-	-	-	0	NOERROR	T	F	F	F	0	admin’s macbook pro (4)._companion-link._tcp.local,TXT 13 model=Mac17\x2c2 TXT 10 osxvers=25 TXT 8 icolor=9	4500.000000,4500.000000	F	0	query
1770020893.320089	CvJnSX3shta8KEANbb	fe80::1	5353	ff02::fb	5353	udp	0	-	admin’s macbook pro (4)._companion-link._tcp.local	-	-	-	-	0	NOERROR	T	F	F	F	0	TXT 22 rpBA=96:F2:DB:51:D1:D1 TXT 17 rpAD=2a3e6030665e TXT 12 rpFl=0x20000 TXT 17 rpHN=5972020557ae TXT 7 rpMac=0 TXT 10 rpVr=670.2	4500.000000	F	0	query
1770020894.321158	CvJnSX3shta8KEANbb	fe80::1	5353	ff02::fb	5353	udp	0	-	admin’s macbook pro (4)._companion-link._tcp.local	-	-	-	-	0	NOERROR	T	F	F	F	0	TXT 22 rpBA=96:F2:DB:51:D1:D1 TXT 17 rpAD=2a3e6030665e TXT 12 rpFl=0x20000 TXT 17 rpHN=5972020557ae TXT 7 rpMac=0 TXT 10 rpVr=670.2	4500.000000	F	0	query
1770020896.321702	CvJnSX3shta8KEANbb	fe80::1	5353	ff02::fb	5353	udp	0	-	admin’s macbook pro (4)._companion-link._tcp.local	-	-	-	-	0	NOERROR	T	F	F	F	0	TXT 22 rpBA=96:F2:DB:51:D1:D1 TXT 17 rpAD=2a3e6030665e TXT 12 rpFl=0x20000 TXT 17 rpHN=5972020557ae TXT 7 rpMac=0 TXT 10 rpVr=670.2	4500.000000	F	0	query
1770020900.322308	CvJnSX3shta8KEANbb	fe80::1	5353	ff02::fb	5353	udp	0	-	admin’s macbook pro (4)._companion-link._tcp.local	-	-	-	-	0	NOERROR	T	F	F	F	0	TXT 22 rpBA=96:F2:DB:51:D1:D1 TXT 17 rpAD=2a3e6030665e TXT 12 rpFl=0x20000 TXT 17 rpHN=5972020557ae TXT 7 rpMac=0 TXT 10 rpVr=670.2	4500.000000	F	0	query
1770020893.320214	CzgR9A4HepXNz7aO5e	fe80::cd1:1a8f:a8c8:9189	5353	ff02::fb	5353	udp	0	-	admin’s macbook pro (4)._companion-link._tcp.local	-	-	-	-	0	NOERROR	T	F	F	F	0	TXT 22 rpBA=96:F2:DB:51:D1:D1 TXT 17 rpAD=2a3e6030665e TXT 12 rpFl=0x20000 TXT 17 rpHN=5972020557ae TXT 7 rpMac=0 TXT 10 rpVr=670.2	4500.000000	F	0	query
1770020894.321215	CzgR9A4HepXNz7aO5e	fe80::cd1:1a8f:a8c8:9189	5353	ff02::fb	5353	udp	0	-	admin’s macbook pro (4)._companion-link._tcp.local	-	-	-	-	0	NOERROR	T	F	F	F	0	TXT 22 rpBA=96:F2:DB:51:D1:D1 TXT 17 rpAD=2a3e6030665e TXT 12 rpFl=0x20000 TXT 17 rpHN=5972020557ae TXT 7 rpMac=0 TXT 10 rpVr=670.2	4500.000000	F	0	query
1770020896.321828	CzgR9A4HepXNz7aO5e	fe80::cd1:1a8f:a8c8:9189	5353	ff02::fb	5353	udp	0	-	admin’s macbook pro (4)._companion-link._tcp.local	-	-	-	-	0	NOERROR	T	F	F	F	0	TXT 22 rpBA=96:F2:DB:51:D1:D1 TXT 17 rpAD=2a3e6030665e TXT 12 rpFl=0x20000 TXT 17 rpHN=5972020557ae TXT 7 rpMac=0 TXT 10 rpVr=670.2	4500.000000	F	0	query
1770020900.322421	CzgR9A4HepXNz7aO5e	fe80::cd1:1a8f:a8c8:9189	5353	ff02::fb	5353	udp	0	-	admin’s macbook pro (4)._companion-link._tcp.local	-	-	-	-	0	NOERROR	T	F	F	F	0	TXT 22 rpBA=96:F2:DB:51:D1:D1 TXT 17 rpAD=2a3e6030665e TXT 12 rpFl=0x20000 TXT 17 rpHN=5972020557ae TXT 7 rpMac=0 TXT 10 rpVr=670.2	4500.000000	F	0	query
1770021117.450436	C4ZYAX3Xm3p7FpowI5	fe80::cd1:1a8f:a8c8:9189	5353	ff02::fb	5353	udp	0	-	_companion-link._tcp.local	-	-	-	-	0	NOERROR	T	F	F	F	0	admin’s macbook pro (4)._companion-link._tcp.local,TXT 13 model=Mac17\x2c2 TXT 10 osxvers=25 TXT 8 icolor=9	4500.000000,4500.000000	F	0	query
1770021138.812468	CKAIDY1snDvLJnsYv9	fe80::1	5353	ff02::fb	5353	udp	0	-	wahyudev.local	-	-	-	-	0	NOERROR	T	F	F	F	0	::1,fe80::1	4500.000000,4500.000000	F	0	query
1770021167.927744	Civ2Xl43LyKchvQrn1	fe80::1	5353	ff02::fb	5353	udp	0	-	_adisk._tcp.local	32769	qclass-32769	12	PTR	-	-	F	F	F	F	0	-	-	F	0	query
1770021168.930303	Civ2Xl43LyKchvQrn1	fe80::1	5353	ff02::fb	5353	udp	0	-	_adisk._tcp.local	1	C_INTERNET	12	PTR	-	-	F	F	F	F	0	-	-	F	0	query
1770021171.937203	Civ2Xl43LyKchvQrn1	fe80::1	5353	ff02::fb	5353	udp	0	-	_adisk._tcp.local	1	C_INTERNET	12	PTR	-	-	F	F	F	F	0	-	-	F	0	query
1770021167.927781	CdDIEWI3Id74OuHP1	fe80::cd1:1a8f:a8c8:9189	5353	ff02::fb	5353	udp	0	-	_adisk._tcp.local	32769	qclass-32769	12	PTR	-	-	F	F	F	F	0	-	-	F	0	query
1770021168.930469	CdDIEWI3Id74OuHP1	fe80::cd1:1a8f:a8c8:9189	5353	ff02::fb	5353	udp	0	-	_adisk._tcp.local	1	C_INTERNET	12	PTR	-	-	F	F	F	F	0	-	-	F	0	query
1770021171.937352	CdDIEWI3Id74OuHP1	fe80::cd1:1a8f:a8c8:9189	5353	ff02::fb	5353	udp	0	-	_adisk._tcp.local	1	C_INTERNET	12	PTR	-	-	F	F	F	F	0	-	-	F	0	query
#close	2026-02-02-15-35-33
